root@osmaster:~# kubectl get nodes
NAME       STATUS     ROLES                  AGE   VERSION
osmaster   Ready      control-plane,master   13d   v1.22.1
osnode     NotReady   <none>                 13d   v1.22.1
root@osmaster:~#
root@osmaster:~#
root@osmaster:~# mkdir Kubernetes
root@osmaster:~# cd Kubernetes/
root@osmaster:~/Kubernetes#  mkdir pod-defination
root@osmaster:~/Kubernetes# cd pod-defination/
root@osmaster:~/Kubernetes/pod-defination# l
root@osmaster:~/Kubernetes/pod-defination# ls
root@osmaster:~/Kubernetes/pod-defination#
root@osmaster:~/Kubernetes/pod-defination# vi pod-definitation.yaml
root@osmaster:~/Kubernetes/pod-defination#
root@osmaster:~/Kubernetes/pod-defination#
root@osmaster:~/Kubernetes/pod-defination# kubectl create -f pod-definitation.yaml
pod/myapp-pod created
root@osmaster:~/Kubernetes/pod-defination# kubectl get pods
NAME        READY   STATUS    RESTARTS   AGE
myapp-pod   0/1     Pending   0          12s
root@osmaster:~/Kubernetes/pod-defination# kubectl logs -f myapp-pod
root@osmaster:~/Kubernetes/pod-defination# kubectl get pods
NAME        READY   STATUS    RESTARTS   AGE
myapp-pod   0/1     Pending   0          36s
root@osmaster:~/Kubernetes/pod-defination# kubectl get pods
NAME        READY   STATUS    RESTARTS   AGE
myapp-pod   0/1     Pending   0          38s
root@osmaster:~/Kubernetes/pod-defination# kubectl logs  myapp-pod
root@osmaster:~/Kubernetes/pod-defination# kubectl logs  myapp-pod -n default
root@osmaster:~/Kubernetes/pod-defination# kubectl logs  -f myapp-pod -n default
root@osmaster:~/Kubernetes/pod-defination# kubectl get pods
NAME        READY   STATUS    RESTARTS   AGE
myapp-pod   0/1     Pending   0          58s
root@osmaster:~/Kubernetes/pod-defination# kubectl get nodes
NAME       STATUS     ROLES                  AGE   VERSION
osmaster   Ready      control-plane,master   13d   v1.22.1
osnode     NotReady   <none>                 13d   v1.22.1
root@osmaster:~/Kubernetes/pod-defination# kubectl get pods -o wide
NAME        READY   STATUS    RESTARTS   AGE   IP       NODE     NOMINATED NODE   READINESS GATES
myapp-pod   0/1     Pending   0          77s   <none>   <none>   <none>           <none>
root@osmaster:~/Kubernetes/pod-defination# kubeadm tokens list
unknown command "tokens" for "kubeadm"

Did you mean this?
        token

To see the stack trace of this error execute with --v=5 or higher
root@osmaster:~/Kubernetes/pod-defination# kubeadm token list
root@osmaster:~/Kubernetes/pod-defination# kubeadm token create --print-join-command
kubeadm join 192.168.0.149:6443 --token el619l.oszsnybqtfuohrj7 --discovery-token-ca-cert-hash sha256:2c397976554e150768ce5edd3cbecc8feac9ef5c11e009f69cb29c297c7bd887
root@osmaster:~/Kubernetes/pod-defination# kubectl get nodes
NAME       STATUS   ROLES                  AGE   VERSION
osmaster   Ready    control-plane,master   13d   v1.22.1
osnode     Ready    <none>                 13d   v1.22.1
root@osmaster:~/Kubernetes/pod-defination#
root@osmaster:~/Kubernetes/pod-defination#
root@osmaster:~/Kubernetes/pod-defination# kubeadm token list
TOKEN                     TTL         EXPIRES                USAGES                   DESCRIPTION                                                EXTRA GROUPS
el619l.oszsnybqtfuohrj7   23h         2021-09-21T04:45:29Z   authentication,signing   <none>                                                     system:bootstrappers:kubeadm:default-node-token
root@osmaster:~/Kubernetes/pod-defination# kubectl get nodes
NAME       STATUS   ROLES                  AGE   VERSION
osmaster   Ready    control-plane,master   13d   v1.22.1
osnode     Ready    <none>                 13d   v1.22.1
root@osmaster:~/Kubernetes/pod-defination# kubectl get pods
NAME        READY   STATUS              RESTARTS   AGE
myapp-pod   0/1     ContainerCreating   0          5m6s
root@osmaster:~/Kubernetes/pod-defination# kubectl logs  -f myapp-pod -n default
Error from server (BadRequest): container "nginx-containers" in pod "myapp-pod" is waiting to start: ContainerCreating
root@osmaster:~/Kubernetes/pod-defination# kubectl logs  -f myapp-pod -n default
/docker-entrypoint.sh: /docker-entrypoint.d/ is not empty, will attempt to perform configuration
/docker-entrypoint.sh: Looking for shell scripts in /docker-entrypoint.d/
/docker-entrypoint.sh: Launching /docker-entrypoint.d/10-listen-on-ipv6-by-default.sh
10-listen-on-ipv6-by-default.sh: info: Getting the checksum of /etc/nginx/conf.d/default.conf
10-listen-on-ipv6-by-default.sh: info: Enabled listen on IPv6 in /etc/nginx/conf.d/default.conf
/docker-entrypoint.sh: Launching /docker-entrypoint.d/20-envsubst-on-templates.sh
/docker-entrypoint.sh: Launching /docker-entrypoint.d/30-tune-worker-processes.sh
/docker-entrypoint.sh: Configuration complete; ready for start up
2021/09/20 04:47:45 [notice] 1#1: using the "epoll" event method
2021/09/20 04:47:45 [notice] 1#1: nginx/1.21.3
2021/09/20 04:47:45 [notice] 1#1: built by gcc 8.3.0 (Debian 8.3.0-6)
2021/09/20 04:47:45 [notice] 1#1: OS: Linux 5.11.0-27-generic
2021/09/20 04:47:45 [notice] 1#1: getrlimit(RLIMIT_NOFILE): 1048576:1048576
2021/09/20 04:47:45 [notice] 1#1: start worker processes
2021/09/20 04:47:45 [notice] 1#1: start worker process 31
^C
root@osmaster:~/Kubernetes/pod-defination# kubectl get pods -o watch
error: unable to match a printer suitable for the output format "watch", allowed formats are: custom-columns,custom-columns-file,go-template,go-template-file,json,jsonpath,jsonpath-as-json,jsonpath-file,name,template,templatefile,wide,yaml
root@osmaster:~/Kubernetes/pod-defination# kubectl get pods  watch
Error from server (NotFound): pods "watch" not found
root@osmaster:~/Kubernetes/pod-defination#
root@osmaster:~/Kubernetes/pod-defination#
root@osmaster:~/Kubernetes/pod-defination# kubectl get pods
NAME        READY   STATUS    RESTARTS   AGE
myapp-pod   1/1     Running   0          6m9s
root@osmaster:~/Kubernetes/pod-defination# kubectl get pods -o wide
NAME        READY   STATUS    RESTARTS   AGE     IP               NODE     NOMINATED NODE   READINESS GATES
myapp-pod   1/1     Running   0          6m17s   192.168.132.84   osnode   <none>           <none>
root@osmaster:~/Kubernetes/pod-defination# ls -ltr
total 4
-rw-r--r-- 1 root root 165 Sep 20 10:12 pod-definitation.yaml
root@osmaster:~/Kubernetes/pod-defination#
root@osmaster:~/Kubernetes/pod-defination# cd ..
root@osmaster:~/Kubernetes# ls -ltr
total 4
drwxr-xr-x 2 root root 4096 Sep 20 10:12 pod-defination
root@osmaster:~/Kubernetes# mv pod-defination pod-with-yaml
root@osmaster:~/Kubernetes# ls -ltr
total 4
drwxr-xr-x 2 root root 4096 Sep 20 10:12 pod-with-yaml
root@osmaster:~/Kubernetes#
root@osmaster:~/Kubernetes# cd pod-with-yaml/
root@osmaster:~/Kubernetes/pod-with-yaml# ls
pod-definitation.yaml
root@osmaster:~/Kubernetes/pod-with-yaml#
root@osmaster:~/Kubernetes/pod-with-yaml#
root@osmaster:~/Kubernetes/pod-with-yaml# cd ..
root@osmaster:~/Kubernetes# ls -ltr
total 4
drwxr-xr-x 2 root root 4096 Sep 20 10:12 pod-with-yaml
root@osmaster:~/Kubernetes#

